<?xml version="1.0" encoding="utf-8"?><testsuites><testsuite name="pytest" errors="0" failures="0" skipped="0" tests="28" time="5.741" timestamp="2026-04-09T16:56:50.027461" hostname="195b5816f95f"><testcase classname="tests.test_brake_controller.TestPedalBoundary" name="test_zero_pedal" time="0.107" /><testcase classname="tests.test_brake_controller.TestPedalBoundary" name="test_exact_max" time="0.106" /><testcase classname="tests.test_brake_controller.TestPedalBoundary" name="test_one_above_max" time="0.105" /><testcase classname="tests.test_brake_controller.TestStatusFlags" name="test_abs_logic[120-90-1]" time="0.211" /><testcase classname="tests.test_brake_controller.TestStatusFlags" name="test_abs_logic[30-90-0]" time="0.209" /><testcase classname="tests.test_brake_controller.TestStatusFlags" name="test_abs_logic[120-20-0]" time="0.212" /><testcase classname="tests.test_brake_controller.TestStatusFlags" name="test_brake_overheat_warning" time="0.207" /><testcase classname="tests.test_brake_controller.TestStatusFlags" name="test_brake_wear_warning" time="0.205" /><testcase classname="tests.test_hil_brake_controller" name="test_uds_session_opens_and_nominal_can_still_works" time="0.222" /><testcase classname="tests.test_hil_brake_controller" name="test_uds_session_closes_gracefully" time="0.107" /><testcase classname="tests.test_hil_brake_controller" name="test_can_logger_captures_brake_frames" time="0.206" /><testcase classname="tests.test_hil_brake_controller" name="test_can_logger_file_is_written_after_traffic" time="0.262" /><testcase classname="tests.test_hil_brake_controller" name="test_fault_injection_short_to_ground_state" time="0.006" /><testcase classname="tests.test_hil_brake_controller" name="test_fault_injection_open_circuit_no_response" time="0.104" /><testcase classname="tests.test_hil_brake_controller" name="test_fault_injection_teardown_always_clears" time="0.001" /><testcase classname="tests.test_hil_brake_controller" name="test_power_supply_nominal_voltage_on_start" time="0.001" /><testcase classname="tests.test_hil_brake_controller" name="test_power_supply_low_voltage_ecu_still_responds" time="0.209" /><testcase classname="tests.test_hil_brake_controller" name="test_power_supply_overvoltage_clamped" time="0.008" /><testcase classname="tests.test_hil_brake_controller" name="test_power_supply_ignition_cycle_ecu_recovers" time="0.715" /><testcase classname="tests.test_hil_brake_controller" name="test_signal_monitor_brake_pressure_voltage_in_range" time="0.212" /><testcase classname="tests.test_hil_brake_controller" name="test_signal_monitor_multi_channel_sampling" time="0.110" /><testcase classname="tests.test_hil_brake_controller" name="test_signal_monitor_assert_in_range_detects_fault" time="0.005" /><testcase classname="tests.test_hil_brake_controller" name="test_low_voltage_abs_activation_logged" time="0.311" /><testcase classname="tests.test_hil_brake_controller" name="test_fault_injection_with_uds_session_and_logging" time="0.263" /><testcase classname="tests.test_hil_brake_controller" name="test_power_cycle_restores_abs_state" time="0.921" /><testcase classname="tests.test_hil_brake_controller" name="test_brake_overheat_safe_state_logged" time="0.208" /><testcase classname="tests.test_hil_brake_controller" name="test_brake_wear_warning_activation" time="0.209" /><testcase classname="tests.test_hil_brake_controller" name="test_signal_monitor_temp_sensor_range" time="0.107" /></testsuite></testsuites>